DEBUG:root:
 Przeciwnik odniós³ 14 obra¿eñ.
DEBUG:root:
 Przeciwnik odniós³ 19 obra¿eñ.
DEBUG:root:
 Przeciwnik odniós³ 40 obra¿eñ.
DEBUG:root:
 Przeciwnik odniós³ 20 obra¿eñ.
DEBUG:root:
 Przeciwnik odniós³ 15 obra¿eñ.
DEBUG:root:
 Przeciwnik odniós³ 47 obra¿eñ.
DEBUG:root:
 Przeciwnik odniós³ 31 obra¿eñ.
